Connecting to udpin:0.0.0.0:14550 ...
Bitcraze calibration wizard -> utils/calibration/calib_runs/run1/
Place the CENTRE of the four sensors on each mark, drone flat on the floor, sensors facing up.

Step 1/4  ORIGIN: put the drone on the point that will become (0, 0, 0).
  Press Enter when the drone is in place and still ...  [origin    2s] snapshots 20, both stations 20, physically plausible 18 (last 2 s: 90 %)
  [origin    4s] snapshots 40, both stations 40, physically plausible 38 (last 2 s: 100 %)
  OK: 50 snapshots (48 plausible) -> origin.json

Step 2/4  X-AXIS: put the drone on the floor 1 m from the origin along the direction that will become +X.
  Press Enter when the drone is in place and still ...  [x-axis    2s] snapshots 20, both stations 20, physically plausible 18 (last 2 s: 90 %)
  [x-axis    4s] snapshots 40, both stations 40, physically plausible 33 (last 2 s: 75 %)
  OK: 50 snapshots (40 plausible) -> x_axis.json

Step 3/4  FLOOR 1/3: put the drone somewhere else on the floor, spread out from the other points (not on the X axis).
  Press Enter when the drone is in place and still ...  [floor 1    2s] snapshots 20, both stations 20, physically plausible 19 (last 2 s: 95 %)
  [floor 1    4s] snapshots 40, both stations 40, physically plausible 39 (last 2 s: 100 %)
  OK: 50 snapshots (49 plausible) -> xy_plane_1.json

Step 3/4  FLOOR 2/3: put the drone somewhere else on the floor, spread out from the other points (not on the X axis).
  Press Enter when the drone is in place and still ...  [floor 2    2s] snapshots 20, both stations 20, physically plausible 20 (last 2 s: 100 %)
  [floor 2    4s] snapshots 40, both stations 40, physically plausible 40 (last 2 s: 100 %)
  OK: 50 snapshots (50 plausible) -> xy_plane_2.json

Step 3/4  FLOOR 3/3: put the drone somewhere else on the floor, spread out from the other points (not on the X axis).
  Press Enter when the drone is in place and still ...  [floor 3    2s] snapshots 20, both stations 20, physically plausible 20 (last 2 s: 100 %)
  [floor 3    4s] snapshots 40, both stations 40, physically plausible 40 (last 2 s: 100 %)
  OK: 50 snapshots (50 plausible) -> xy_plane_3.json

Step 4/4  SWEEP: pick up the drone. Press Enter, then walk it slowly through the whole flight volume — low/middle/high, tilted up to ~30 deg, many headings, all four sensors visible to both stations. Press Ctrl-C when done (2-3 minutes) ...  [sweep    2s] snapshots 20, both stations 20, physically plausible 16 (last 2 s: 80 %)
  [sweep    4s] snapshots 40, both stations 40, physically plausible 33 (last 2 s: 85 %)
  [sweep    6s] snapshots 60, both stations 60, physically plausible 50 (last 2 s: 85 %)
  [sweep    8s] snapshots 80, both stations 80, physically plausible 63 (last 2 s: 65 %)
  [sweep   10s] snapshots 100, both stations 100, physically plausible 79 (last 2 s: 80 %)
  [sweep   12s] snapshots 120, both stations 120, physically plausible 99 (last 2 s: 100 %)
  [sweep   14s] snapshots 140, both stations 140, physically plausible 118 (last 2 s: 95 %)
  [sweep   16s] snapshots 160, both stations 160, physically plausible 136 (last 2 s: 90 %)
  [sweep   18s] snapshots 180, both stations 180, physically plausible 156 (last 2 s: 100 %)
  [sweep   20s] snapshots 200, both stations 200, physically plausible 176 (last 2 s: 100 %)
  [sweep   22s] snapshots 219, both stations 219, physically plausible 189 (last 2 s: 68 %)
  [sweep   24s] snapshots 238, both stations 238, physically plausible 200 (last 2 s: 58 %)
  [sweep   26s] snapshots 258, both stations 258, physically plausible 217 (last 2 s: 85 %)
  [sweep   28s] snapshots 278, both stations 278, physically plausible 237 (last 2 s: 100 %)
  [sweep   30s] snapshots 298, both stations 298, physically plausible 257 (last 2 s: 100 %)
  [sweep   32s] snapshots 318, both stations 316, physically plausible 275 (last 2 s: 100 %)
  [sweep   34s] snapshots 338, both stations 316, physically plausible 275 (last 2 s: 0 %)
  [sweep   36s] snapshots 358, both stations 334, physically plausible 292 (last 2 s: 94 %)
  [sweep   38s] snapshots 378, both stations 354, physically plausible 312 (last 2 s: 100 %)
  [sweep   40s] snapshots 398, both stations 362, physically plausible 320 (last 2 s: 100 %)
  [sweep   42s] snapshots 418, both stations 382, physically plausible 340 (last 2 s: 100 %)
  [sweep   44s] snapshots 438, both stations 402, physically plausible 360 (last 2 s: 100 %)
  [sweep   46s] snapshots 458, both stations 422, physically plausible 380 (last 2 s: 100 %)
  [sweep   48s] snapshots 478, both stations 442, physically plausible 400 (last 2 s: 100 %)
  [sweep   50s] snapshots 494, both stations 458, physically plausible 416 (last 2 s: 100 %)
  [sweep   52s] snapshots 514, both stations 478, physically plausible 436 (last 2 s: 100 %)
  [sweep   54s] snapshots 534, both stations 498, physically plausible 456 (last 2 s: 100 %)
  [sweep   56s] snapshots 554, both stations 518, physically plausible 476 (last 2 s: 100 %)
  [sweep   58s] snapshots 574, both stations 538, physically plausible 496 (last 2 s: 100 %)
  [sweep   60s] snapshots 594, both stations 558, physically plausible 516 (last 2 s: 100 %)
  [sweep   62s] snapshots 614, both stations 578, physically plausible 536 (last 2 s: 100 %)
  [sweep   64s] snapshots 634, both stations 586, physically plausible 544 (last 2 s: 100 %)
  [sweep   66s] snapshots 654, both stations 588, physically plausible 546 (last 2 s: 100 %)
  [sweep   68s] snapshots 674, both stations 608, physically plausible 566 (last 2 s: 100 %)
  [sweep   70s] snapshots 694, both stations 626, physically plausible 584 (last 2 s: 100 %)
  [sweep   72s] snapshots 714, both stations 646, physically plausible 604 (last 2 s: 100 %)
  [sweep   74s] snapshots 734, both stations 666, physically plausible 624 (last 2 s: 100 %)
  [sweep   76s] snapshots 754, both stations 686, physically plausible 644 (last 2 s: 100 %)
  [sweep   78s] snapshots 774, both stations 706, physically plausible 664 (last 2 s: 100 %)
  [sweep   80s] snapshots 794, both stations 726, physically plausible 683 (last 2 s: 95 %)
  [sweep   82s] snapshots 814, both stations 746, physically plausible 701 (last 2 s: 90 %)
  [sweep   84s] snapshots 834, both stations 766, physically plausible 721 (last 2 s: 100 %)
  [sweep   86s] snapshots 854, both stations 786, physically plausible 737 (last 2 s: 80 %)
  [sweep   88s] snapshots 874, both stations 806, physically plausible 756 (last 2 s: 95 %)
  [sweep   90s] snapshots 894, both stations 826, physically plausible 776 (last 2 s: 100 %)
  [sweep   92s] snapshots 914, both stations 846, physically plausible 795 (last 2 s: 95 %)
  [sweep   94s] snapshots 934, both stations 866, physically plausible 815 (last 2 s: 100 %)
  [sweep   96s] snapshots 954, both stations 880, physically plausible 828 (last 2 s: 93 %)
  [sweep   98s] snapshots 974, both stations 900, physically plausible 848 (last 2 s: 100 %)
  [sweep  100s] snapshots 994, both stations 920, physically plausible 868 (last 2 s: 100 %)
  [sweep  102s] snapshots 1014, both stations 940, physically plausible 887 (last 2 s: 95 %)
  [sweep  104s] snapshots 1034, both stations 951, physically plausible 897 (last 2 s: 91 %)
  [sweep  106s] snapshots 1054, both stations 968, physically plausible 914 (last 2 s: 100 %)
  [sweep  108s] snapshots 1074, both stations 988, physically plausible 934 (last 2 s: 100 %)
  [sweep  110s] snapshots 1094, both stations 1008, physically plausible 954 (last 2 s: 100 %)
  [sweep  112s] snapshots 1114, both stations 1028, physically plausible 974 (last 2 s: 100 %)
  [sweep  114s] snapshots 1134, both stations 1048, physically plausible 993 (last 2 s: 95 %)
  [sweep  116s] snapshots 1154, both stations 1068, physically plausible 1013 (last 2 s: 100 %)
  [sweep  118s] snapshots 1174, both stations 1073, physically plausible 1018 (last 2 s: 100 %)
  [sweep  120s] snapshots 1194, both stations 1077, physically plausible 1022 (last 2 s: 100 %)
  [sweep  122s] snapshots 1214, both stations 1097, physically plausible 1042 (last 2 s: 100 %)
  [sweep  124s] snapshots 1234, both stations 1105, physically plausible 1050 (last 2 s: 100 %)
  [sweep  126s] snapshots 1254, both stations 1110, physically plausible 1055 (last 2 s: 100 %)
  [sweep  128s] snapshots 1274, both stations 1130, physically plausible 1075 (last 2 s: 100 %)
  [sweep  130s] snapshots 1294, both stations 1149, physically plausible 1094 (last 2 s: 100 %)
  [sweep  132s] snapshots 1314, both stations 1169, physically plausible 1114 (last 2 s: 100 %)
  [sweep  134s] snapshots 1334, both stations 1189, physically plausible 1134 (last 2 s: 100 %)
  [sweep  136s] snapshots 1354, both stations 1209, physically plausible 1154 (last 2 s: 100 %)
  [sweep  138s] snapshots 1374, both stations 1229, physically plausible 1174 (last 2 s: 100 %)
  [sweep  140s] snapshots 1394, both stations 1249, physically plausible 1194 (last 2 s: 100 %)
  [sweep  142s] snapshots 1414, both stations 1269, physically plausible 1213 (last 2 s: 95 %)
  [sweep  144s] snapshots 1434, both stations 1289, physically plausible 1233 (last 2 s: 100 %)
  [sweep  146s] snapshots 1454, both stations 1309, physically plausible 1252 (last 2 s: 95 %)
  [sweep  148s] snapshots 1474, both stations 1329, physically plausible 1272 (last 2 s: 100 %)
  [sweep  150s] snapshots 1494, both stations 1349, physically plausible 1292 (last 2 s: 100 %)
  [sweep  152s] snapshots 1514, both stations 1363, physically plausible 1305 (last 2 s: 93 %)
  [sweep  154s] snapshots 1534, both stations 1383, physically plausible 1325 (last 2 s: 100 %)
  [sweep  156s] snapshots 1554, both stations 1397, physically plausible 1339 (last 2 s: 100 %)
  [sweep  158s] snapshots 1575, both stations 1404, physically plausible 1345 (last 2 s: 86 %)
  [sweep  160s] snapshots 1595, both stations 1424, physically plausible 1364 (last 2 s: 95 %)
  [sweep  162s] snapshots 1615, both stations 1436, physically plausible 1375 (last 2 s: 92 %)
  [sweep  164s] snapshots 1635, both stations 1437, physically plausible 1376 (last 2 s: 100 %)
  [sweep  166s] snapshots 1655, both stations 1437, physically plausible 1376 (last 2 s: 0 %)
